// 同步 ID: 26fb516d @ Sun Jul 19 09:32:35 UTC 2026
// 同步 ID: d619b427 @ Sun Jul 19 11:30:51 UTC 2026
// 同步 ID: 8601709f @ Sun Jul 19 17:28:52 UTC 2026
// 重构日志: 4bad15dc
// 同步 ID: 5035137d @ Tue Jul 21 00:15:21 UTC 2026
// 重构日志: 5b3df0b9
// 重构日志: 17257414
// 同步 ID: 96e28374 @ Wed Jul 22 00:50:12 UTC 2026
// 重构日志: 86ca9e00
// 同步 ID: ee22e84c @ Wed Jul 22 22:56:54 UTC 2026
// 同步 ID: 0dac45eb @ Thu Jul 23 00:40:03 UTC 2026
// 重构日志: 586adfa8
// 重构日志: 3037ab0d
// 同步 ID: e8367f35 @ Fri Jul 24 00:17:56 UTC 2026
// 重构日志: 39c5f54b
// 重构日志: a7fb5100
// 重构日志: 739403bb
// 同步 ID: 7ae4ac48 @ Sun Jul 26 12:17:28 UTC 2026
// 重构日志: 18acdd6b
// 重构日志: 25a330ff
// 重构日志: fcba2b04
// 同步 ID: b3b8e7e6 @ Mon Jul 27 16:31:52 UTC 2026
// 重构日志: 350f7cf0
// 重构日志: d1c46430
// 重构日志: 618ad963
// 同步 ID: 88cb5efd @ Wed Jul 29 15:57:36 UTC 2026
// 重构日志: 7c99d5c7
// 重构日志: f66c596d
// 同步 ID: 27d98490 @ Fri Jul 31 05:22:19 UTC 2026
// 同步 ID: ae8cd6ce @ Fri Jul 31 08:54:29 UTC 2026
// 重构日志: 16af7519
